// Jest Snapshot v1, https://goo.gl/fbAQLP

exports[`<FactoriesTable /> filtering renders 1`] = `
<div
  class="MuiPopover-root"
  role="presentation"
  style="position: fixed; z-index: 1300; right: 0px; bottom: 0px; top: 0px; left: 0px;"
>
  <div
    aria-hidden="true"
    style="z-index: -1; position: fixed; right: 0px; bottom: 0px; top: 0px; left: 0px; background-color: transparent;"
  />
  <div
    data-test="sentinelStart"
    tabindex="0"
  />
  <div
    class="MuiPaper-root MuiPopover-paper MUIDataTableToolbar-filterPaper-654 MuiPaper-elevation2 MuiPaper-rounded"
    style="opacity: 1; transform: scale(1, 1); transition: opacity 0ms cubic-bezier(0.4, 0, 0.2, 1) 0ms,transform 0ms cubic-bezier(0.4, 0, 0.2, 1) 0ms; top: 16px; left: 16px; transform-origin: -16px -16px;"
    tabindex="-1"
  >
    <button
      aria-label="Close"
      class="MuiButtonBase-root MuiIconButton-root MUIDataTableToolbar-filterCloseIcon-655"
      style="position: absolute; right: 4px; top: 4px; z-index: 1000;"
      tabindex="0"
      type="button"
    >
      <span
        class="MuiIconButton-label"
      >
        <svg
          aria-hidden="true"
          class="MuiSvgIcon-root"
          focusable="false"
          viewBox="0 0 24 24"
        >
          <path
            d="M19 6.41L17.59 5 12 10.59 6.41 5 5 6.41 10.59 12 5 17.59 6.41 19 12 13.41 17.59 19 19 17.59 13.41 12z"
          />
        </svg>
      </span>
      <span
        class="MuiTouchRipple-root"
      />
    </button>
    <div
      class="MUIDataTableFilter-root-720"
    >
      <div
        class="MUIDataTableFilter-header-721"
      >
        <div
          class="MUIDataTableFilter-reset-724"
        >
          <p
            class="MuiTypography-root MUIDataTableFilter-title-722 MuiTypography-body2"
          >
            FILTERS
          </p>
          <button
            aria-label="RESET"
            class="MuiButtonBase-root MuiButton-root MuiButton-text MUIDataTableFilter-resetLink-725 MuiButton-textPrimary"
            data-testid="filterReset-button"
            tabindex="0"
            type="button"
          >
            <span
              class="MuiButton-label"
            >
              RESET
            </span>
            <span
              class="MuiTouchRipple-root"
            />
          </button>
        </div>
        <div
          class="MUIDataTableFilter-filtersSelected-726"
        />
      </div>
      <ul
        class="MuiGridList-root"
        style="margin: -17px;"
      >
        <li
          class="MuiGridListTile-root"
          style="width: 50%; height: auto; padding: 17px;"
        >
          <div
            class="MuiGridListTile-tile MUIDataTableFilter-gridListTile-734"
          >
            <div
              class="MuiFormControl-root MuiFormControl-fullWidth"
            >
              <div
                class="MuiFormControl-root MuiTextField-root"
              >
                <label
                  class="MuiFormLabel-root MuiInputLabel-root MuiInputLabel-formControl MuiInputLabel-animated"
                  data-shrink="false"
                  for="name"
                  id="name-label"
                >
                  Name
                </label>
                <div
                  class="MuiInputBase-root MuiInput-root MuiInput-underline MuiInputBase-formControl MuiInput-formControl"
                >
                  <input
                    aria-invalid="false"
                    class="MuiInputBase-input MuiInput-input"
                    id="name"
                    type="text"
                    value=""
                  />
                </div>
              </div>
            </div>
          </div>
        </li>
        <li
          class="MuiGridListTile-root"
          style="width: 50%; height: auto; padding: 17px;"
        >
          <div
            class="MuiGridListTile-tile MUIDataTableFilter-gridListTile-734"
          >
            <div
              class="MuiFormControl-root MuiFormControl-fullWidth"
            >
              <div />
            </div>
          </div>
        </li>
        <li
          class="MuiGridListTile-root"
          style="width: 50%; height: auto; padding: 17px;"
        >
          <div
            class="MuiGridListTile-tile MUIDataTableFilter-gridListTile-734"
          >
            <div
              class="MuiFormControl-root MuiFormControl-fullWidth"
            >
              <label
                class="MuiFormLabel-root MuiInputLabel-root MuiInputLabel-formControl MuiInputLabel-animated"
                data-shrink="false"
              >
                Countries
              </label>
              <div
                class="MuiInputBase-root MuiInput-root MuiInput-underline MuiInputBase-fullWidth MuiInput-fullWidth MuiInputBase-formControl MuiInput-formControl"
              >
                <div
                  aria-haspopup="listbox"
                  aria-labelledby="mui-component-select-Countries"
                  class="MuiSelect-root MuiSelect-select MuiSelect-selectMenu MuiInputBase-input MuiInput-input"
                  id="mui-component-select-Countries"
                  role="button"
                  tabindex="0"
                >
                  <span>
                    ​
                  </span>
                </div>
                <input
                  aria-hidden="true"
                  class="MuiSelect-nativeInput"
                  name="Countries"
                  tabindex="-1"
                  value=""
                />
                <svg
                  aria-hidden="true"
                  class="MuiSvgIcon-root MuiSelect-icon"
                  focusable="false"
                  viewBox="0 0 24 24"
                >
                  <path
                    d="M7 10l5 5 5-5z"
                  />
                </svg>
              </div>
            </div>
          </div>
        </li>
        <li
          class="MuiGridListTile-root"
          style="width: 50%; height: auto; padding: 17px;"
        >
          <div
            class="MuiGridListTile-tile MUIDataTableFilter-gridListTile-734"
          >
            <div
              class="MuiFormControl-root MuiFormControl-fullWidth"
            >
              <div
                class="MuiFormControl-root MuiTextField-root"
              >
                <label
                  class="MuiFormLabel-root MuiInputLabel-root MuiInputLabel-formControl MuiInputLabel-animated"
                  data-shrink="false"
                  for="street-line-1"
                  id="street-line-1-label"
                >
                  Street Line 1
                </label>
                <div
                  class="MuiInputBase-root MuiInput-root MuiInput-underline MuiInputBase-formControl MuiInput-formControl"
                >
                  <input
                    aria-invalid="false"
                    class="MuiInputBase-input MuiInput-input"
                    id="street-line-1"
                    type="text"
                    value=""
                  />
                </div>
              </div>
            </div>
          </div>
        </li>
        <li
          class="MuiGridListTile-root"
          style="width: 50%; height: auto; padding: 17px;"
        >
          <div
            class="MuiGridListTile-tile MUIDataTableFilter-gridListTile-734"
          >
            <div
              class="MuiFormControl-root MuiFormControl-fullWidth"
            >
              <div
                class="MuiFormControl-root MuiTextField-root"
              >
                <label
                  class="MuiFormLabel-root MuiInputLabel-root MuiInputLabel-formControl MuiInputLabel-animated"
                  data-shrink="false"
                  for="street-line-2"
                  id="street-line-2-label"
                >
                  Street Line 2
                </label>
                <div
                  class="MuiInputBase-root MuiInput-root MuiInput-underline MuiInputBase-formControl MuiInput-formControl"
                >
                  <input
                    aria-invalid="false"
                    class="MuiInputBase-input MuiInput-input"
                    id="street-line-2"
                    type="text"
                    value=""
                  />
                </div>
              </div>
            </div>
          </div>
        </li>
        <li
          class="MuiGridListTile-root"
          style="width: 50%; height: auto; padding: 17px;"
        >
          <div
            class="MuiGridListTile-tile MUIDataTableFilter-gridListTile-734"
          >
            <div
              class="MuiFormControl-root MuiFormControl-fullWidth"
            >
              <div
                class="MuiFormControl-root MuiTextField-root"
              >
                <label
                  class="MuiFormLabel-root MuiInputLabel-root MuiInputLabel-formControl MuiInputLabel-animated"
                  data-shrink="false"
                  for="city"
                  id="city-label"
                >
                  City
                </label>
                <div
                  class="MuiInputBase-root MuiInput-root MuiInput-underline MuiInputBase-formControl MuiInput-formControl"
                >
                  <input
                    aria-invalid="false"
                    class="MuiInputBase-input MuiInput-input"
                    id="city"
                    type="text"
                    value=""
                  />
                </div>
              </div>
            </div>
          </div>
        </li>
        <li
          class="MuiGridListTile-root"
          style="width: 50%; height: auto; padding: 17px;"
        >
          <div
            class="MuiGridListTile-tile MUIDataTableFilter-gridListTile-734"
          >
            <div
              class="MuiFormControl-root MuiFormControl-fullWidth"
            >
              <div
                class="MuiFormControl-root MuiTextField-root"
              >
                <label
                  class="MuiFormLabel-root MuiInputLabel-root MuiInputLabel-formControl MuiInputLabel-animated"
                  data-shrink="false"
                  for="state/province"
                  id="state/province-label"
                >
                  State/Province
                </label>
                <div
                  class="MuiInputBase-root MuiInput-root MuiInput-underline MuiInputBase-formControl MuiInput-formControl"
                >
                  <input
                    aria-invalid="false"
                    class="MuiInputBase-input MuiInput-input"
                    id="state/province"
                    type="text"
                    value=""
                  />
                </div>
              </div>
            </div>
          </div>
        </li>
        <li
          class="MuiGridListTile-root"
          style="width: 50%; height: auto; padding: 17px;"
        >
          <div
            class="MuiGridListTile-tile MUIDataTableFilter-gridListTile-734"
          >
            <div
              class="MuiFormControl-root MuiFormControl-fullWidth"
            >
              <div
                class="MuiFormControl-root MuiTextField-root"
              >
                <label
                  class="MuiFormLabel-root MuiInputLabel-root MuiInputLabel-formControl MuiInputLabel-animated"
                  data-shrink="false"
                  for="postal-code"
                  id="postal-code-label"
                >
                  Postal Code
                </label>
                <div
                  class="MuiInputBase-root MuiInput-root MuiInput-underline MuiInputBase-formControl MuiInput-formControl"
                >
                  <input
                    aria-invalid="false"
                    class="MuiInputBase-input MuiInput-input"
                    id="postal-code"
                    type="text"
                    value=""
                  />
                </div>
              </div>
            </div>
          </div>
        </li>
      </ul>
      <div
        style="margin-top: 40px;"
      >
        <button
          class="MuiButtonBase-root MuiButton-root MuiButton-contained MuiButton-containedPrimary MuiButton-fullWidth"
          tabindex="0"
          title="apply filters"
          type="button"
        >
          <span
            class="MuiButton-label"
          >
            Apply Filters
            <span
              class="MuiButton-endIcon MuiButton-iconSizeMedium"
            >
              <svg
                aria-hidden="true"
                class="MuiSvgIcon-root"
                focusable="false"
                viewBox="0 0 24 24"
              >
                <path
                  d="M10 18h4v-2h-4v2zM3 6v2h18V6H3zm3 7h12v-2H6v2z"
                />
              </svg>
            </span>
          </span>
          <span
            class="MuiTouchRipple-root"
          />
        </button>
      </div>
    </div>
  </div>
  <div
    data-test="sentinelEnd"
    tabindex="0"
  />
</div>
`;

exports[`<FactoriesTable /> general renders a table with data 1`] = `
<tr
  class="MuiTableRow-root MUIDataTableBodyRow-root-149 undefined MUIDataTableBodyRow-responsiveStacked-151 MUIDataTableBody-lastStackedCell-147 MuiTableRow-hover"
  data-testid="MUIDataTableBodyRow-0"
  id="MUIDataTableBodyRow-0"
>
  <td
    class="MuiTableCell-root MuiTableCell-body MUIDataTableBodyCell-root-153 MUIDataTableBodyCell-stackedParent-160 MUIDataTableBodyCell-responsiveStackedSmallParent-164"
    data-colindex="0"
    data-testid="MuiDataTableBodyCell-0-0"
  >
    <div
      class="MUIDataTableBodyCell-root-153 MUIDataTableBodyCell-cellHide-154 MUIDataTableBodyCell-stackedHeader-157 MUIDataTableBodyCell-stackedCommon-158"
    >
      Name
    </div>
    <div
      class="MUIDataTableBodyCell-root-153 MUIDataTableBodyCell-stackedCommon-158"
    >
      Test Org 1
    </div>
  </td>
  <td
    class="MuiTableCell-root MuiTableCell-body MUIDataTableBodyCell-root-153 MUIDataTableBodyCell-stackedParent-160 MUIDataTableBodyCell-responsiveStackedSmallParent-164"
    data-colindex="1"
    data-testid="MuiDataTableBodyCell-1-0"
  >
    <div
      class="MUIDataTableBodyCell-root-153 MUIDataTableBodyCell-cellHide-154 MUIDataTableBodyCell-stackedHeader-157 MUIDataTableBodyCell-stackedCommon-158"
    >
      Certifications
    </div>
    <div
      class="MUIDataTableBodyCell-root-153 MUIDataTableBodyCell-stackedCommon-158"
    >
      <li
        class="MuiListItem-root MuiListItem-gutters"
      >
        <i>
          None
        </i>
      </li>
    </div>
  </td>
  <td
    class="MuiTableCell-root MuiTableCell-body MUIDataTableBodyCell-root-153 MUIDataTableBodyCell-stackedParent-160 MUIDataTableBodyCell-responsiveStackedSmallParent-164"
    data-colindex="2"
    data-testid="MuiDataTableBodyCell-2-0"
  >
    <div
      class="lastColumn MUIDataTableBodyCell-root-153 MUIDataTableBodyCell-cellHide-154 MUIDataTableBodyCell-stackedHeader-157 MUIDataTableBodyCell-stackedCommon-158"
    >
      Country
    </div>
    <div
      class="MUIDataTableBodyCell-root-153 MUIDataTableBodyCell-stackedCommon-158"
    >
      USA
    </div>
  </td>
  <td
    class="MuiTableCell-root MuiTableCell-body MUIDataTableBodyCell-root-153 MUIDataTableBodyCell-stackedParent-160 MUIDataTableBodyCell-responsiveStackedSmallParent-164"
    data-colindex="3"
    data-testid="MuiDataTableBodyCell-3-0"
  >
    <div
      class="MUIDataTableBodyCell-root-153 MUIDataTableBodyCell-cellHide-154 MUIDataTableBodyCell-stackedHeader-157 MUIDataTableBodyCell-stackedCommon-158"
    >
      Street Line 1
    </div>
    <div
      class="MUIDataTableBodyCell-root-153 MUIDataTableBodyCell-stackedCommon-158"
    >
      1000 Nicollet Ave
    </div>
  </td>
  <td
    class="MuiTableCell-root MuiTableCell-body MUIDataTableBodyCell-root-153 MUIDataTableBodyCell-stackedParent-160 MUIDataTableBodyCell-responsiveStackedSmallParent-164"
    data-colindex="4"
    data-testid="MuiDataTableBodyCell-4-0"
  >
    <div
      class="MUIDataTableBodyCell-root-153 MUIDataTableBodyCell-cellHide-154 MUIDataTableBodyCell-stackedHeader-157 MUIDataTableBodyCell-stackedCommon-158"
    >
      Street Line 2
    </div>
    <div
      class="MUIDataTableBodyCell-root-153 MUIDataTableBodyCell-stackedCommon-158"
    >
      Floor 1
    </div>
  </td>
  <td
    class="MuiTableCell-root MuiTableCell-body MUIDataTableBodyCell-root-153 MUIDataTableBodyCell-stackedParent-160 MUIDataTableBodyCell-responsiveStackedSmallParent-164"
    data-colindex="5"
    data-testid="MuiDataTableBodyCell-5-0"
  >
    <div
      class="MUIDataTableBodyCell-root-153 MUIDataTableBodyCell-cellHide-154 MUIDataTableBodyCell-stackedHeader-157 MUIDataTableBodyCell-stackedCommon-158"
    >
      City
    </div>
    <div
      class="MUIDataTableBodyCell-root-153 MUIDataTableBodyCell-stackedCommon-158"
    >
      Minneapolis
    </div>
  </td>
  <td
    class="MuiTableCell-root MuiTableCell-body MUIDataTableBodyCell-root-153 MUIDataTableBodyCell-stackedParent-160 MUIDataTableBodyCell-responsiveStackedSmallParent-164"
    data-colindex="6"
    data-testid="MuiDataTableBodyCell-6-0"
  >
    <div
      class="MUIDataTableBodyCell-root-153 MUIDataTableBodyCell-cellHide-154 MUIDataTableBodyCell-stackedHeader-157 MUIDataTableBodyCell-stackedCommon-158"
    >
      State/Province
    </div>
    <div
      class="MUIDataTableBodyCell-root-153 MUIDataTableBodyCell-stackedCommon-158"
    >
      MN
    </div>
  </td>
  <td
    class="MuiTableCell-root MuiTableCell-body MUIDataTableBodyCell-root-153 MUIDataTableBodyCell-stackedParent-160 MUIDataTableBodyCell-responsiveStackedSmallParent-164"
    data-colindex="7"
    data-testid="MuiDataTableBodyCell-7-0"
  >
    <div
      class="MUIDataTableBodyCell-root-153 MUIDataTableBodyCell-cellHide-154 MUIDataTableBodyCell-stackedHeader-157 MUIDataTableBodyCell-stackedCommon-158"
    >
      Postal Code
    </div>
    <div
      class="MUIDataTableBodyCell-root-153 MUIDataTableBodyCell-stackedCommon-158"
    >
      55403
    </div>
  </td>
  <td
    class="MuiTableCell-root MuiTableCell-body MUIDataTableBodyCell-root-153 MUIDataTableBodyCell-stackedParent-160 MUIDataTableBodyCell-responsiveStackedSmallParent-164"
    data-colindex="8"
    data-testid="MuiDataTableBodyCell-8-0"
  >
    <div
      class="MUIDataTableBodyCell-root-153 MUIDataTableBodyCell-cellHide-154 MUIDataTableBodyCell-stackedHeader-157 MUIDataTableBodyCell-stackedCommon-158"
    >
       
    </div>
    <div
      class="MUIDataTableBodyCell-root-153 MUIDataTableBodyCell-stackedCommon-158"
    >
      <a
        href="factories/3e23e8160039594a33894f6564e1b1348bbd7a0088d42c4acb73eeaed59c009d"
      >
        <button
          class="MuiButtonBase-root MuiIconButton-root makeStyles-icon-167"
          tabindex="0"
          title="View Factory Profile"
          type="button"
        >
          <span
            class="MuiIconButton-label"
          >
            <svg
              aria-hidden="true"
              class="MuiSvgIcon-root"
              focusable="false"
              viewBox="0 0 24 24"
            >
              <path
                d="M19 19H5V5h7V3H5c-1.11 0-2 .9-2 2v14c0 1.1.89 2 2 2h14c1.1 0 2-.9 2-2v-7h-2v7zM14 3v2h3.59l-9.83 9.83 1.41 1.41L19 6.41V10h2V3h-7z"
              />
            </svg>
          </span>
          <span
            class="MuiTouchRipple-root"
          />
        </button>
      </a>
    </div>
  </td>
</tr>
`;

exports[`<FactoriesTable /> general renders an empty table 1`] = `
<div>
  <div
    class="MuiPaper-root MUIDataTable-paper-2 undefined MuiPaper-elevation4 MuiPaper-rounded"
  >
    <div
      aria-label="Table Toolbar"
      class="MuiToolbar-root MuiToolbar-regular MUIDataTableToolbar-root-13 MuiToolbar-gutters"
      role="toolbar"
    >
      <div
        class="MUIDataTableToolbar-left-15"
      >
        <div
          class="MuiGrid-root MuiGrid-container MuiGrid-spacing-xs-2 MuiGrid-align-items-xs-center"
        >
          <div
            class="MuiGrid-root MuiGrid-item"
          >
            <h4
              class="MuiTypography-root MuiTypography-h4"
            >
              Factories
            </h4>
          </div>
          <div
            class="MuiGrid-root MuiGrid-item"
          >
            <svg
              aria-hidden="true"
              class="MuiSvgIcon-root makeStyles-icon-28 MuiSvgIcon-fontSizeLarge"
              focusable="false"
              viewBox="0 0 24 24"
            >
              <path
                d="M12 7V3H2v18h20V7H12zM6 19H4v-2h2v2zm0-4H4v-2h2v2zm0-4H4V9h2v2zm0-4H4V5h2v2zm4 12H8v-2h2v2zm0-4H8v-2h2v2zm0-4H8V9h2v2zm0-4H8V5h2v2zm10 12h-8v-2h2v-2h-2v-2h2v-2h-2V9h8v10zm-2-8h-2v2h2v-2zm0 4h-2v2h2v-2z"
              />
            </svg>
          </div>
        </div>
      </div>
      <div
        class="MUIDataTableToolbar-actions-17"
      >
        <button
          aria-label="Search"
          class="MuiButtonBase-root MuiIconButton-root MUIDataTableToolbar-icon-22"
          data-testid="Search-iconButton"
          tabindex="0"
          title="Search"
          type="button"
        >
          <span
            class="MuiIconButton-label"
          >
            <svg
              aria-hidden="true"
              class="MuiSvgIcon-root"
              focusable="false"
              viewBox="0 0 24 24"
            >
              <path
                d="M15.5 14h-.79l-.28-.27C15.41 12.59 16 11.11 16 9.5 16 5.91 13.09 3 9.5 3S3 5.91 3 9.5 5.91 16 9.5 16c1.61 0 3.09-.59 4.23-1.57l.27.28v.79l5 4.99L20.49 19l-4.99-5zm-6 0C7.01 14 5 11.99 5 9.5S7.01 5 9.5 5 14 7.01 14 9.5 11.99 14 9.5 14z"
              />
            </svg>
          </span>
          <span
            class="MuiTouchRipple-root"
          />
        </button>
        <span>
          <button
            aria-label="Filter Table"
            class="MuiButtonBase-root MuiIconButton-root MUIDataTableToolbar-icon-22"
            data-testid="Filter Table-iconButton"
            tabindex="0"
            title="Filter Table"
            type="button"
          >
            <span
              class="MuiIconButton-label"
            >
              <svg
                aria-hidden="true"
                class="MuiSvgIcon-root"
                focusable="false"
                viewBox="0 0 24 24"
              >
                <path
                  d="M10 18h4v-2h-4v2zM3 6v2h18V6H3zm3 7h12v-2H6v2z"
                />
              </svg>
            </span>
            <span
              class="MuiTouchRipple-root"
            />
          </button>
        </span>
        <button
          class="MuiButtonBase-root MuiIconButton-root makeStyles-icon-29"
          tabindex="0"
          title="Copy Link To Table"
          type="button"
        >
          <span
            class="MuiIconButton-label"
          >
            <svg
              aria-hidden="true"
              class="MuiSvgIcon-root"
              focusable="false"
              viewBox="0 0 24 24"
            >
              <path
                d="M16.5 6v11.5c0 2.21-1.79 4-4 4s-4-1.79-4-4V5c0-1.38 1.12-2.5 2.5-2.5s2.5 1.12 2.5 2.5v10.5c0 .55-.45 1-1 1s-1-.45-1-1V6H10v9.5c0 1.38 1.12 2.5 2.5 2.5s2.5-1.12 2.5-2.5V5c0-2.21-1.79-4-4-4S7 2.79 7 5v12.5c0 3.04 2.46 5.5 5.5 5.5s5.5-2.46 5.5-5.5V6h-1.5z"
              />
            </svg>
          </span>
          <span
            class="MuiTouchRipple-root"
          />
        </button>
      </div>
    </div>
    <div
      class="MUIDataTableFilterList-root-30"
    />
    <div
      class="MUIDataTable-responsiveBase-5"
      style="position: relative; height: auto;"
    >
      <table
        class="MuiTable-root MUIDataTable-tableRoot-4"
        role="grid"
        tabindex="0"
      >
        <caption
          class="MUIDataTable-caption-11"
        >
          <div
            class="MuiGrid-root MuiGrid-container MuiGrid-spacing-xs-2 MuiGrid-align-items-xs-center"
          >
            <div
              class="MuiGrid-root MuiGrid-item"
            >
              <h4
                class="MuiTypography-root MuiTypography-h4"
              >
                Factories
              </h4>
            </div>
            <div
              class="MuiGrid-root MuiGrid-item"
            >
              <svg
                aria-hidden="true"
                class="MuiSvgIcon-root makeStyles-icon-28 MuiSvgIcon-fontSizeLarge"
                focusable="false"
                viewBox="0 0 24 24"
              >
                <path
                  d="M12 7V3H2v18h20V7H12zM6 19H4v-2h2v2zm0-4H4v-2h2v2zm0-4H4V9h2v2zm0-4H4V5h2v2zm4 12H8v-2h2v2zm0-4H8v-2h2v2zm0-4H8V9h2v2zm0-4H8V5h2v2zm10 12h-8v-2h2v-2h-2v-2h2v-2h-2V9h8v10zm-2-8h-2v2h2v-2zm0 4h-2v2h2v-2z"
                />
              </svg>
            </div>
          </div>
        </caption>
        <thead
          class="MuiTableHead-root MUIDataTableHead-responsiveStacked-33 MUIDataTableHead-main-32"
        >
          <tr
            class="MuiTableRow-root MUIDataTableHeadRow-root-36 MuiTableRow-head"
          >
            <th
              class="MuiTableCell-root MuiTableCell-head MUIDataTableHeadCell-root-48 MUIDataTableHeadCell-fixedHeader-49"
              data-colindex="0"
              scope="col"
            >
              <span
                class="MUIDataTableHeadCell-toolButton-57"
                data-testid="headcol-0"
                role="button"
                tabindex="0"
              >
                <div
                  class="MUIDataTableHeadCell-sortAction-53"
                  title="Sort"
                >
                  <div
                    class="MUIDataTableHeadCell-data-52"
                  >
                    Name
                  </div>
                  <div
                    class="MUIDataTableHeadCell-sortAction-53"
                  >
                    <span
                      aria-disabled="false"
                      class="MuiButtonBase-root MuiTableSortLabel-root MUIDataTableHeadCell-sortLabelRoot-55"
                      role="button"
                      tabindex="0"
                    />
                  </div>
                </div>
              </span>
            </th>
            <th
              class="MuiTableCell-root MuiTableCell-head MUIDataTableHeadCell-root-48 MUIDataTableHeadCell-fixedHeader-49"
              data-colindex="1"
              scope="col"
            >
              <div>
                Certifications
              </div>
            </th>
            <th
              class="MuiTableCell-root MuiTableCell-head MUIDataTableHeadCell-root-48 MUIDataTableHeadCell-fixedHeader-49"
              data-colindex="2"
              scope="col"
            >
              <span
                class="MUIDataTableHeadCell-toolButton-57"
                data-testid="headcol-2"
                role="button"
                tabindex="0"
              >
                <div
                  class="MUIDataTableHeadCell-sortAction-53"
                  title="Sort"
                >
                  <div
                    class="MUIDataTableHeadCell-data-52"
                  >
                    Country
                  </div>
                  <div
                    class="MUIDataTableHeadCell-sortAction-53"
                  >
                    <span
                      aria-disabled="false"
                      class="MuiButtonBase-root MuiTableSortLabel-root MUIDataTableHeadCell-sortLabelRoot-55"
                      role="button"
                      tabindex="0"
                    />
                  </div>
                </div>
              </span>
            </th>
            <th
              class="MuiTableCell-root MuiTableCell-head MUIDataTableHeadCell-root-48 MUIDataTableHeadCell-fixedHeader-49"
              data-colindex="3"
              scope="col"
            >
              <span
                class="MUIDataTableHeadCell-toolButton-57"
                data-testid="headcol-3"
                role="button"
                tabindex="0"
              >
                <div
                  class="MUIDataTableHeadCell-sortAction-53"
                  title="Sort"
                >
                  <div
                    class="MUIDataTableHeadCell-data-52"
                  >
                    Street Line 1
                  </div>
                  <div
                    class="MUIDataTableHeadCell-sortAction-53"
                  >
                    <span
                      aria-disabled="false"
                      class="MuiButtonBase-root MuiTableSortLabel-root MUIDataTableHeadCell-sortLabelRoot-55"
                      role="button"
                      tabindex="0"
                    />
                  </div>
                </div>
              </span>
            </th>
            <th
              class="MuiTableCell-root MuiTableCell-head MUIDataTableHeadCell-root-48 MUIDataTableHeadCell-fixedHeader-49"
              data-colindex="4"
              scope="col"
            >
              <span
                class="MUIDataTableHeadCell-toolButton-57"
                data-testid="headcol-4"
                role="button"
                tabindex="0"
              >
                <div
                  class="MUIDataTableHeadCell-sortAction-53"
                  title="Sort"
                >
                  <div
                    class="MUIDataTableHeadCell-data-52"
                  >
                    Street Line 2
                  </div>
                  <div
                    class="MUIDataTableHeadCell-sortAction-53"
                  >
                    <span
                      aria-disabled="false"
                      class="MuiButtonBase-root MuiTableSortLabel-root MUIDataTableHeadCell-sortLabelRoot-55"
                      role="button"
                      tabindex="0"
                    />
                  </div>
                </div>
              </span>
            </th>
            <th
              class="MuiTableCell-root MuiTableCell-head MUIDataTableHeadCell-root-48 MUIDataTableHeadCell-fixedHeader-49"
              data-colindex="5"
              scope="col"
            >
              <span
                class="MUIDataTableHeadCell-toolButton-57"
                data-testid="headcol-5"
                role="button"
                tabindex="0"
              >
                <div
                  class="MUIDataTableHeadCell-sortAction-53"
                  title="Sort"
                >
                  <div
                    class="MUIDataTableHeadCell-data-52"
                  >
                    City
                  </div>
                  <div
                    class="MUIDataTableHeadCell-sortAction-53"
                  >
                    <span
                      aria-disabled="false"
                      class="MuiButtonBase-root MuiTableSortLabel-root MUIDataTableHeadCell-sortLabelRoot-55"
                      role="button"
                      tabindex="0"
                    />
                  </div>
                </div>
              </span>
            </th>
            <th
              class="MuiTableCell-root MuiTableCell-head MUIDataTableHeadCell-root-48 MUIDataTableHeadCell-fixedHeader-49"
              data-colindex="6"
              scope="col"
            >
              <span
                class="MUIDataTableHeadCell-toolButton-57"
                data-testid="headcol-6"
                role="button"
                tabindex="0"
              >
                <div
                  class="MUIDataTableHeadCell-sortAction-53"
                  title="Sort"
                >
                  <div
                    class="MUIDataTableHeadCell-data-52"
                  >
                    State/Province
                  </div>
                  <div
                    class="MUIDataTableHeadCell-sortAction-53"
                  >
                    <span
                      aria-disabled="false"
                      class="MuiButtonBase-root MuiTableSortLabel-root MUIDataTableHeadCell-sortLabelRoot-55"
                      role="button"
                      tabindex="0"
                    />
                  </div>
                </div>
              </span>
            </th>
            <th
              class="MuiTableCell-root MuiTableCell-head MUIDataTableHeadCell-root-48 MUIDataTableHeadCell-fixedHeader-49"
              data-colindex="7"
              scope="col"
            >
              <span
                class="MUIDataTableHeadCell-toolButton-57"
                data-testid="headcol-7"
                role="button"
                tabindex="0"
              >
                <div
                  class="MUIDataTableHeadCell-sortAction-53"
                  title="Sort"
                >
                  <div
                    class="MUIDataTableHeadCell-data-52"
                  >
                    Postal Code
                  </div>
                  <div
                    class="MUIDataTableHeadCell-sortAction-53"
                  >
                    <span
                      aria-disabled="false"
                      class="MuiButtonBase-root MuiTableSortLabel-root MUIDataTableHeadCell-sortLabelRoot-55"
                      role="button"
                      tabindex="0"
                    />
                  </div>
                </div>
              </span>
            </th>
            <th
              class="MuiTableCell-root MuiTableCell-head MUIDataTableHeadCell-root-48 MUIDataTableHeadCell-fixedHeader-49"
              data-colindex="8"
              scope="col"
            >
              <span
                class="MUIDataTableHeadCell-toolButton-57"
                data-testid="headcol-8"
                role="button"
                tabindex="0"
              >
                <div
                  class="MUIDataTableHeadCell-sortAction-53"
                  title="Sort"
                >
                  <div
                    class="MUIDataTableHeadCell-data-52"
                  >
                     
                  </div>
                  <div
                    class="MUIDataTableHeadCell-sortAction-53"
                  >
                    <span
                      aria-disabled="false"
                      class="MuiButtonBase-root MuiTableSortLabel-root MUIDataTableHeadCell-sortLabelRoot-55"
                      role="button"
                      tabindex="0"
                    />
                  </div>
                </div>
              </span>
            </th>
          </tr>
        </thead>
        <tbody
          class="MuiTableBody-root"
        >
          <tr
            class="MuiTableRow-root MUIDataTableBodyRow-root-64 undefined MUIDataTableBodyRow-responsiveStacked-66 MuiTableRow-hover"
          >
            <td
              class="MuiTableCell-root MuiTableCell-body MUIDataTableBodyCell-root-68 MUIDataTableBodyCell-stackedParent-75 MUIDataTableBodyCell-responsiveStackedSmallParent-79 datatables-noprint"
              colspan="9"
              data-colindex="0"
            >
              <div
                class="MUIDataTableBodyCell-root-68 MUIDataTableBodyCell-cellHide-69 MUIDataTableBodyCell-stackedHeader-72 MUIDataTableBodyCell-stackedCommon-73 datatables-noprint"
              />
              <div
                class="MUIDataTableBodyCell-root-68 MUIDataTableBodyCell-stackedCommon-73 datatables-noprint"
              >
                <div
                  class="MuiTypography-root MUIDataTableBody-emptyTitle-61 MuiTypography-body1"
                >
                  No factories found
                </div>
              </div>
            </td>
          </tr>
        </tbody>
      </table>
    </div>
    <table
      class="MuiTable-root MUIDataTableFooter-root-80"
    >
      <tfoot
        class="MuiTableFooter-root"
      >
        <tr
          class="MuiTableRow-root MuiTableRow-footer"
        >
          <td
            class="MuiTableCell-root MuiTableCell-footer MUIDataTablePagination-tableCellContainer-82"
            colspan="1000"
          >
            <div
              class="MUIDataTablePagination-navContainer-83"
            >
              <div
                class="MuiTablePagination-root MUIDataTablePagination-root-81"
              >
                <div
                  class="MuiToolbar-root MuiToolbar-regular MuiTablePagination-toolbar MUIDataTablePagination-toolbar-84 MuiToolbar-gutters"
                >
                  <div
                    class="MuiTablePagination-spacer"
                  />
                  <p
                    class="MuiTypography-root MuiTablePagination-caption MuiTypography-body2 MuiTypography-colorInherit"
                    id="mui-1674"
                  >
                    Rows per page:
                  </p>
                  <div
                    class="MuiInputBase-root MuiTablePagination-input MuiTablePagination-selectRoot MUIDataTablePagination-selectRoot-85"
                  >
                    <div
                      aria-haspopup="listbox"
                      aria-labelledby="mui-1674 pagination-rows"
                      class="MuiSelect-root MuiSelect-select MuiTablePagination-select MuiSelect-selectMenu MuiInputBase-input"
                      data-testid="pagination-rows"
                      id="pagination-rows"
                      role="button"
                      tabindex="0"
                    >
                      100
                    </div>
                    <input
                      aria-hidden="true"
                      class="MuiSelect-nativeInput"
                      tabindex="-1"
                      value="100"
                    />
                    <svg
                      aria-hidden="true"
                      class="MuiSvgIcon-root MuiSelect-icon MuiTablePagination-selectIcon"
                      focusable="false"
                      viewBox="0 0 24 24"
                    >
                      <path
                        d="M7 10l5 5 5-5z"
                      />
                    </svg>
                  </div>
                  <p
                    class="MuiTypography-root MuiTablePagination-caption MuiTypography-body2 MuiTypography-colorInherit"
                  >
                    1-2 of 2
                  </p>
                  <div
                    class="MuiTablePagination-actions"
                  >
                    <button
                      aria-label="Previous Page"
                      class="MuiButtonBase-root MuiIconButton-root MuiIconButton-colorInherit Mui-disabled Mui-disabled"
                      data-testid="pagination-back"
                      disabled=""
                      id="pagination-back"
                      tabindex="-1"
                      title="Previous Page"
                      type="button"
                    >
                      <span
                        class="MuiIconButton-label"
                      >
                        <svg
                          aria-hidden="true"
                          class="MuiSvgIcon-root"
                          focusable="false"
                          viewBox="0 0 24 24"
                        >
                          <path
                            d="M15.41 16.09l-4.58-4.59 4.58-4.59L14 5.5l-6 6 6 6z"
                          />
                        </svg>
                      </span>
                    </button>
                    <button
                      aria-label="Next Page"
                      class="MuiButtonBase-root MuiIconButton-root MuiIconButton-colorInherit Mui-disabled Mui-disabled"
                      data-testid="pagination-next"
                      disabled=""
                      id="pagination-next"
                      tabindex="-1"
                      title="Next Page"
                      type="button"
                    >
                      <span
                        class="MuiIconButton-label"
                      >
                        <svg
                          aria-hidden="true"
                          class="MuiSvgIcon-root"
                          focusable="false"
                          viewBox="0 0 24 24"
                        >
                          <path
                            d="M8.59 16.34l4.58-4.59-4.58-4.59L10 5.75l6 6-6 6z"
                          />
                        </svg>
                      </span>
                    </button>
                  </div>
                </div>
              </div>
            </div>
          </td>
        </tr>
      </tfoot>
    </table>
    <div
      aria-live="polite"
      class="MUIDataTable-liveAnnounce-12"
    />
  </div>
</div>
`;
