// Jest Snapshot v1, https://goo.gl/fbAQLP

exports[`<FullPageLoading /> renders a loading indicator with a label 1`] = `
<div>
  <div
    aria-hidden="true"
    class="MuiBackdrop-root makeStyles-backdrop-3"
    style="opacity: 1; webkit-transition: opacity 225ms cubic-bezier(0.4, 0, 0.2, 1) 0ms; transition: opacity 225ms cubic-bezier(0.4, 0, 0.2, 1) 0ms;"
  >
    <div
      class="MuiGrid-root MuiGrid-container MuiGrid-spacing-xs-2 MuiGrid-direction-xs-column MuiGrid-align-items-xs-center MuiGrid-justify-xs-center"
    >
      <div
        class="MuiGrid-root MuiGrid-item"
      >
        <div
          class="MuiCircularProgress-root MuiCircularProgress-colorPrimary MuiCircularProgress-indeterminate"
          role="progressbar"
          style="width: 0px; height: 0px;"
        >
          <svg
            class="MuiCircularProgress-svg"
            viewBox="22 22 44 44"
          >
            <circle
              class="MuiCircularProgress-circle MuiCircularProgress-circleIndeterminate"
              cx="44"
              cy="44"
              fill="none"
              r="20.2"
              stroke-width="3.6"
            />
          </svg>
        </div>
      </div>
      <div
        class="MuiGrid-root MuiGrid-item"
      >
        <h5
          class="MuiTypography-root MuiTypography-h5"
        >
          loading
        </h5>
      </div>
    </div>
  </div>
</div>
`;

exports[`<FullPageLoading /> renders an error indicator with a label 1`] = `
<div>
  <div
    class="makeStyles-centered-2"
  >
    <div
      class="MuiGrid-root MuiGrid-container MuiGrid-spacing-xs-1 MuiGrid-direction-xs-column MuiGrid-align-items-xs-center"
    >
      <div
        class="MuiGrid-root MuiGrid-item"
      >
        <svg
          class="MuiSvgIcon-root MuiSvgIcon-colorError MuiSvgIcon-fontSizeLarge"
          focusable="false"
          role="img"
          viewBox="0 0 24 24"
        >
          <path
            d="M1 21h22L12 2 1 21zm12-3h-2v-2h2v2zm0-4h-2v-4h2v4z"
          />
          <title>
            error
          </title>
        </svg>
      </div>
      <div
        class="MuiGrid-root MuiGrid-item"
      >
        <h6
          class="MuiTypography-root MuiTypography-h6 MuiTypography-colorError"
        >
          error
        </h6>
      </div>
    </div>
  </div>
</div>
`;
