// Jest Snapshot v1, https://goo.gl/fbAQLP

exports[`<LoadingWithMinDisplay /> returns a loading indicator renders a default loading indicator 1`] = `
<div>
  <div
    class="MuiCircularProgress-root MuiCircularProgress-colorPrimary MuiCircularProgress-indeterminate"
    role="progressbar"
    style="width: 40px; height: 40px;"
  >
    <svg
      class="MuiCircularProgress-svg"
      viewBox="22 22 44 44"
    >
      <circle
        class="MuiCircularProgress-circle MuiCircularProgress-circleIndeterminate"
        cx="44"
        cy="44"
        fill="none"
        r="20.2"
        stroke-width="3.6"
      />
    </svg>
  </div>
</div>
`;

exports[`<LoadingWithMinDisplay /> returns an error indicator renders a default error indicator 1`] = `
<div>
  <div
    class="MuiGrid-root MuiGrid-container MuiGrid-spacing-xs-1 MuiGrid-direction-xs-column MuiGrid-align-items-xs-center"
  >
    <div
      class="MuiGrid-root MuiGrid-item"
    >
      <svg
        class="MuiSvgIcon-root MuiSvgIcon-colorError MuiSvgIcon-fontSizeSmall"
        focusable="false"
        role="img"
        viewBox="0 0 24 24"
      >
        <path
          d="M1 21h22L12 2 1 21zm12-3h-2v-2h2v2zm0-4h-2v-4h2v4z"
        />
        <title>
          error
        </title>
      </svg>
    </div>
    <div
      class="MuiGrid-root MuiGrid-item"
    >
      <p
        class="MuiTypography-root MuiTypography-body1"
      />
    </div>
  </div>
</div>
`;
