// Jest Snapshot v1, https://goo.gl/fbAQLP

exports[`<Certificates /> renders 1`] = `
<div>
  <div
    class="MuiPaper-root MuiCard-root MuiPaper-elevation1 MuiPaper-rounded"
  >
    <div
      class="MuiCardContent-root makeStyles-cardContent"
    >
      <div
        class="MuiGrid-root MuiGrid-container MuiGrid-spacing-xs-2 MuiGrid-direction-xs-column"
      >
        <div
          class="MuiGrid-root MuiGrid-item"
        >
          <div
            class="MuiGrid-root MuiGrid-container MuiGrid-spacing-xs-1 MuiGrid-direction-xs-column"
          >
            <div
              class="MuiGrid-root MuiGrid-item"
            >
              <h6
                class="MuiTypography-root MuiTypography-h6 MuiTypography-alignCenter"
              />
            </div>
            <div
              class="MuiGrid-root MuiGrid-item"
            >
              <hr
                class="MuiDivider-root MuiDivider-middle"
              />
            </div>
          </div>
        </div>
        <div
          class="MuiGrid-root MuiGrid-item"
        >
          <div
            class="MuiGrid-root MuiGrid-container MuiGrid-spacing-xs-1 MuiGrid-direction-xs-column"
          >
            <div
              class="MuiGrid-root MuiGrid-item"
            >
              <p
                class="MuiTypography-root MuiTypography-body1 MuiTypography-colorTextSecondary MuiTypography-alignCenter"
              >
                <i>
                  Description
                </i>
              </p>
            </div>
            <div
              class="MuiGrid-root MuiGrid-item"
            >
              <div
                class="MuiGrid-root MuiGrid-container MuiGrid-spacing-xs-4 MuiGrid-item"
              >
                <div
                  class="MuiGrid-root MuiGrid-item MuiGrid-grid-xs-2"
                >
                  <svg
                    aria-hidden="true"
                    class="MuiSvgIcon-root makeStyles-success"
                    focusable="false"
                    viewBox="0 0 24 24"
                  >
                    <path
                      d="M12 1L3 5v6c0 5.55 3.84 10.74 9 12 5.16-1.26 9-6.45 9-12V5l-9-4zm7 10c0 4.52-2.98 8.69-7 9.93-4.02-1.24-7-5.41-7-9.93V6.3l7-3.11 7 3.11V11zm-11.59.59L6 13l4 4 8-8-1.41-1.42L10 14.17z"
                    />
                  </svg>
                </div>
                <div
                  class="MuiGrid-root MuiGrid-item MuiGrid-grid-xs-true"
                >
                  <p
                    class="MuiTypography-root MuiTypography-body1"
                  >
                    Claimed
                  </p>
                </div>
              </div>
            </div>
            <div
              class="MuiGrid-root MuiGrid-item"
            >
              <div
                class="MuiGrid-root MuiGrid-container MuiGrid-spacing-xs-4 MuiGrid-item"
              >
                <div
                  class="MuiGrid-root MuiGrid-item MuiGrid-grid-xs-2"
                >
                  <svg
                    aria-hidden="true"
                    class="MuiSvgIcon-root MuiSvgIcon-colorError"
                    focusable="false"
                    viewBox="0 0 24 24"
                  >
                    <path
                      d="M1 21h22L12 2 1 21zm12-3h-2v-2h2v2zm0-4h-2v-4h2v4z"
                    />
                  </svg>
                </div>
                <div
                  class="MuiGrid-root MuiGrid-item MuiGrid-grid-xs-true"
                >
                  <p
                    class="MuiTypography-root MuiTypography-body1"
                  >
                    Expired on Invalid Date
                  </p>
                </div>
              </div>
            </div>
          </div>
        </div>
      </div>
    </div>
    <div
      class="MuiCardActions-root MuiCardActions-spacing"
    >
      <div
        class="makeStyles-align"
      >
        <a
          class="makeStyles-link"
          href="/certifications/undefined"
        >
          <button
            aria-label="More Info"
            class="MuiButtonBase-root MuiButton-root MuiButton-text MuiButton-textSecondary"
            tabindex="0"
            title="More Info"
            type="button"
          >
            <span
              class="MuiButton-label"
            >
              More Info
            </span>
            <span
              class="MuiTouchRipple-root"
            />
          </button>
        </a>
      </div>
    </div>
  </div>
</div>
`;
